com/example/jwttool/core/HmacSigner.class
com/example/jwttool/core/JwtVerifier.class
com/example/jwttool/core/JwtException$SignatureVerificationException.class
com/example/jwttool/core/JwtDecoder.class
com/example/jwttool/io/OutputFormatter$1.class
com/example/jwttool/EncodeCommand$SecretOptions.class
com/example/jwttool/io/SecretResolver$SecretResolutionException.class
com/example/jwttool/DecodeCommand.class
com/example/jwttool/core/Algorithm.class
com/example/jwttool/io/SecretResolver.class
com/example/jwttool/core/DecodedJwt.class
com/example/jwttool/io/OutputFormatter$SignatureStatus.class
com/example/jwttool/core/JsonSupport.class
com/example/jwttool/ExitCode.class
com/example/jwttool/io/OutputFormatter.class
com/example/jwttool/EncodeCommand.class
com/example/jwttool/core/JwtException$MalformedTokenException.class
com/example/jwttool/core/JwtException$InvalidJsonException.class
com/example/jwttool/core/JwtEncoder.class
com/example/jwttool/JwtToolCommand.class
com/example/jwttool/DecodeCommand$SecretOptions.class
com/example/jwttool/core/JwtException$UnsupportedAlgorithmException.class
com/example/jwttool/core/JwtException.class
com/example/jwttool/core/Base64Url.class
