/home/illia/Projects/untitled/src/main/java/com/example/jwttool/DecodeCommand.java
/home/illia/Projects/untitled/src/main/java/com/example/jwttool/EncodeCommand.java
/home/illia/Projects/untitled/src/main/java/com/example/jwttool/ExitCode.java
/home/illia/Projects/untitled/src/main/java/com/example/jwttool/JwtToolCommand.java
/home/illia/Projects/untitled/src/main/java/com/example/jwttool/core/Algorithm.java
/home/illia/Projects/untitled/src/main/java/com/example/jwttool/core/Base64Url.java
/home/illia/Projects/untitled/src/main/java/com/example/jwttool/core/DecodedJwt.java
/home/illia/Projects/untitled/src/main/java/com/example/jwttool/core/HmacSigner.java
/home/illia/Projects/untitled/src/main/java/com/example/jwttool/core/JsonSupport.java
/home/illia/Projects/untitled/src/main/java/com/example/jwttool/core/JwtDecoder.java
/home/illia/Projects/untitled/src/main/java/com/example/jwttool/core/JwtEncoder.java
/home/illia/Projects/untitled/src/main/java/com/example/jwttool/core/JwtException.java
/home/illia/Projects/untitled/src/main/java/com/example/jwttool/core/JwtVerifier.java
/home/illia/Projects/untitled/src/main/java/com/example/jwttool/io/OutputFormatter.java
/home/illia/Projects/untitled/src/main/java/com/example/jwttool/io/SecretResolver.java
